#! /usr/bin/vvp
:ivl_version "11.0 (stable)";
:ivl_delay_selection "TYPICAL";
:vpi_time_precision + 0;
:vpi_module "/usr/lib/x86_64-linux-gnu/ivl/system.vpi";
:vpi_module "/usr/lib/x86_64-linux-gnu/ivl/vhdl_sys.vpi";
:vpi_module "/usr/lib/x86_64-linux-gnu/ivl/vhdl_textio.vpi";
:vpi_module "/usr/lib/x86_64-linux-gnu/ivl/v2005_math.vpi";
:vpi_module "/usr/lib/x86_64-linux-gnu/ivl/va_math.vpi";
S_0x631132c5e4c0 .scope module, "controller" "controller" 2 1;
 .timescale 0 0;
    .port_info 0 /INPUT 1 "clk";
    .port_info 1 /INPUT 1 "axi_clk";
    .port_info 2 /INPUT 1 "rst";
    .port_info 3 /INPUT 1 "start";
    .port_info 4 /INPUT 3 "start_state";
    .port_info 5 /INPUT 1 "bmpw";
    .port_info 6 /INPUT 1 "sbw";
    .port_info 7 /INPUT 1 "allHalted";
    .port_info 8 /OUTPUT 3 "fb_mux";
    .port_info 9 /OUTPUT 10 "fb_addr";
    .port_info 10 /OUTPUT 7 "shift_count";
    .port_info 11 /OUTPUT 10 "sb_addr";
    .port_info 12 /OUTPUT 1 "thread_rst";
    .port_info 13 /OUTPUT 1 "bmp_en";
    .port_info 14 /OUTPUT 1 "prog_write";
    .port_info 15 /OUTPUT 1 "shift_ena";
    .port_info 16 /OUTPUT 1 "shift_mux_sel";
    .port_info 17 /OUTPUT 3 "state_out";
P_0x631132c5e650 .param/l "HALT" 1 2 55, C4<010>;
P_0x631132c5e690 .param/l "IDLE" 1 2 27, C4<000>;
P_0x631132c5e6d0 .param/l "INTERNAL_SHIFT" 1 2 49, C4<011>;
P_0x631132c5e710 .param/l "PROCESSING" 1 2 34, C4<001>;
P_0x631132c5e750 .param/l "TRANSFER_DATA" 1 2 38, C4<100>;
L_0x631132c90f70 .functor BUFZ 3, v0x631132c90a10_0, C4<000>, C4<000>, C4<000>;
o0x7fafcb663018 .functor BUFZ 1, C4<z>; HiZ drive
v0x631132c5eaf0_0 .net "allHalted", 0 0, o0x7fafcb663018;  0 drivers
o0x7fafcb663048 .functor BUFZ 1, C4<z>; HiZ drive
v0x631132c8f900_0 .net "axi_clk", 0 0, o0x7fafcb663048;  0 drivers
v0x631132c8f9c0_0 .var "bmp_en", 0 0;
o0x7fafcb6630a8 .functor BUFZ 1, C4<z>; HiZ drive
v0x631132c8fa60_0 .net "bmpw", 0 0, o0x7fafcb6630a8;  0 drivers
o0x7fafcb6630d8 .functor BUFZ 1, C4<z>; HiZ drive
v0x631132c8fb20_0 .net "clk", 0 0, o0x7fafcb6630d8;  0 drivers
v0x631132c8fbe0_0 .var "fb_addr", 9 0;
v0x631132c8fcc0_0 .var "fb_mux", 2 0;
v0x631132c8fda0_0 .var "next_fb_addr", 9 0;
v0x631132c8fe80_0 .var "next_fb_mux", 0 0;
v0x631132c8ff40_0 .var "next_sb_addr", 9 0;
v0x631132c90020_0 .var "next_shift_count", 6 0;
v0x631132c90100_0 .var "next_state", 2 0;
v0x631132c901e0_0 .var "prog_write", 0 0;
o0x7fafcb663288 .functor BUFZ 1, C4<z>; HiZ drive
v0x631132c902a0_0 .net "rst", 0 0, o0x7fafcb663288;  0 drivers
v0x631132c90360_0 .var "sb_addr", 9 0;
o0x7fafcb6632e8 .functor BUFZ 1, C4<z>; HiZ drive
v0x631132c90440_0 .net "sbw", 0 0, o0x7fafcb6632e8;  0 drivers
v0x631132c90500_0 .var "shift_count", 6 0;
v0x631132c906f0_0 .var "shift_ena", 0 0;
v0x631132c907b0_0 .var "shift_mux_sel", 0 0;
o0x7fafcb6633a8 .functor BUFZ 1, C4<z>; HiZ drive
v0x631132c90870_0 .net "start", 0 0, o0x7fafcb6633a8;  0 drivers
o0x7fafcb6633d8 .functor BUFZ 3, C4<zzz>; HiZ drive
v0x631132c90930_0 .net "start_state", 2 0, o0x7fafcb6633d8;  0 drivers
v0x631132c90a10_0 .var "state", 2 0;
v0x631132c90af0_0 .net "state_out", 2 0, L_0x631132c90f70;  1 drivers
v0x631132c90bd0_0 .var "thread_rst", 0 0;
E_0x631132c6ba20/0 .event edge, v0x631132c90a10_0, v0x631132c8fcc0_0, v0x631132c8fbe0_0, v0x631132c90360_0;
E_0x631132c6ba20/1 .event edge, v0x631132c90500_0, v0x631132c90870_0, v0x631132c90930_0, v0x631132c5eaf0_0;
E_0x631132c6ba20 .event/or E_0x631132c6ba20/0, E_0x631132c6ba20/1;
E_0x631132c6a9d0 .event posedge, v0x631132c902a0_0, v0x631132c8fb20_0;
    .scope S_0x631132c5e4c0;
T_0 ;
    %wait E_0x631132c6a9d0;
    %load/vec4 v0x631132c902a0_0;
    %flag_set/vec4 8;
    %jmp/0xz  T_0.0, 8;
    %pushi/vec4 1, 0, 1;
    %assign/vec4 v0x631132c90bd0_0, 0;
    %pushi/vec4 0, 0, 10;
    %assign/vec4 v0x631132c90360_0, 0;
    %pushi/vec4 0, 0, 10;
    %assign/vec4 v0x631132c8fbe0_0, 0;
    %pushi/vec4 0, 0, 3;
    %assign/vec4 v0x631132c8fcc0_0, 0;
    %pushi/vec4 0, 0, 7;
    %assign/vec4 v0x631132c90500_0, 0;
    %pushi/vec4 0, 0, 3;
    %assign/vec4 v0x631132c90a10_0, 0;
    %jmp T_0.1;
T_0.0 ;
    %load/vec4 v0x631132c90100_0;
    %assign/vec4 v0x631132c90a10_0, 0;
    %load/vec4 v0x631132c8fe80_0;
    %pad/u 3;
    %assign/vec4 v0x631132c8fcc0_0, 0;
    %load/vec4 v0x631132c8fda0_0;
    %assign/vec4 v0x631132c8fbe0_0, 0;
    %load/vec4 v0x631132c8ff40_0;
    %assign/vec4 v0x631132c90360_0, 0;
    %load/vec4 v0x631132c90020_0;
    %assign/vec4 v0x631132c90500_0, 0;
T_0.1 ;
    %jmp T_0;
    .thread T_0;
    .scope S_0x631132c5e4c0;
T_1 ;
    %wait E_0x631132c6ba20;
    %load/vec4 v0x631132c90a10_0;
    %store/vec4 v0x631132c90100_0, 0, 3;
    %load/vec4 v0x631132c8fcc0_0;
    %pad/u 1;
    %store/vec4 v0x631132c8fe80_0, 0, 1;
    %load/vec4 v0x631132c8fbe0_0;
    %store/vec4 v0x631132c8fda0_0, 0, 10;
    %load/vec4 v0x631132c90360_0;
    %store/vec4 v0x631132c8ff40_0, 0, 10;
    %load/vec4 v0x631132c90500_0;
    %store/vec4 v0x631132c90020_0, 0, 7;
    %pushi/vec4 0, 0, 1;
    %store/vec4 v0x631132c8f9c0_0, 0, 1;
    %pushi/vec4 0, 0, 1;
    %store/vec4 v0x631132c901e0_0, 0, 1;
    %pushi/vec4 0, 0, 1;
    %store/vec4 v0x631132c906f0_0, 0, 1;
    %pushi/vec4 0, 0, 1;
    %store/vec4 v0x631132c907b0_0, 0, 1;
    %load/vec4 v0x631132c90a10_0;
    %dup/vec4;
    %pushi/vec4 0, 0, 3;
    %cmp/u;
    %jmp/1 T_1.0, 6;
    %dup/vec4;
    %pushi/vec4 1, 0, 3;
    %cmp/u;
    %jmp/1 T_1.1, 6;
    %dup/vec4;
    %pushi/vec4 2, 0, 3;
    %cmp/u;
    %jmp/1 T_1.2, 6;
    %dup/vec4;
    %pushi/vec4 3, 0, 3;
    %cmp/u;
    %jmp/1 T_1.3, 6;
    %dup/vec4;
    %pushi/vec4 4, 0, 3;
    %cmp/u;
    %jmp/1 T_1.4, 6;
    %pushi/vec4 0, 0, 3;
    %store/vec4 v0x631132c90100_0, 0, 3;
    %jmp T_1.6;
T_1.0 ;
    %pushi/vec4 1, 0, 1;
    %store/vec4 v0x631132c90bd0_0, 0, 1;
    %load/vec4 v0x631132c90870_0;
    %flag_set/vec4 8;
    %jmp/0xz  T_1.7, 8;
    %load/vec4 v0x631132c90930_0;
    %store/vec4 v0x631132c90100_0, 0, 3;
    %jmp T_1.8;
T_1.7 ;
    %pushi/vec4 0, 0, 3;
    %store/vec4 v0x631132c90100_0, 0, 3;
T_1.8 ;
    %jmp T_1.6;
T_1.1 ;
    %pushi/vec4 0, 0, 1;
    %store/vec4 v0x631132c90bd0_0, 0, 1;
    %pushi/vec4 0, 0, 1;
    %store/vec4 v0x631132c8f9c0_0, 0, 1;
    %pushi/vec4 0, 0, 1;
    %store/vec4 v0x631132c901e0_0, 0, 1;
    %pushi/vec4 0, 0, 1;
    %store/vec4 v0x631132c906f0_0, 0, 1;
    %pushi/vec4 0, 0, 1;
    %store/vec4 v0x631132c907b0_0, 0, 1;
    %load/vec4 v0x631132c5eaf0_0;
    %flag_set/vec4 8;
    %jmp/0xz  T_1.9, 8;
    %pushi/vec4 2, 0, 3;
    %store/vec4 v0x631132c90100_0, 0, 3;
    %jmp T_1.10;
T_1.9 ;
    %pushi/vec4 1, 0, 3;
    %store/vec4 v0x631132c90100_0, 0, 3;
T_1.10 ;
    %jmp T_1.6;
T_1.2 ;
    %pushi/vec4 1, 0, 1;
    %store/vec4 v0x631132c90bd0_0, 0, 1;
    %pushi/vec4 1, 0, 1;
    %store/vec4 v0x631132c906f0_0, 0, 1;
    %load/vec4 v0x631132c90500_0;
    %cmpi/u 80, 0, 7;
    %jmp/0xz  T_1.11, 5;
    %pushi/vec4 0, 0, 1;
    %store/vec4 v0x631132c907b0_0, 0, 1;
    %pushi/vec4 3, 0, 3;
    %store/vec4 v0x631132c90100_0, 0, 3;
    %jmp T_1.12;
T_1.11 ;
    %pushi/vec4 0, 0, 7;
    %store/vec4 v0x631132c90020_0, 0, 7;
    %pushi/vec4 0, 0, 1;
    %store/vec4 v0x631132c8fe80_0, 0, 1;
    %pushi/vec4 1, 0, 1;
    %store/vec4 v0x631132c907b0_0, 0, 1;
    %pushi/vec4 1, 0, 1;
    %store/vec4 v0x631132c8f9c0_0, 0, 1;
    %pushi/vec4 1, 0, 1;
    %store/vec4 v0x631132c906f0_0, 0, 1;
    %pushi/vec4 1, 0, 1;
    %store/vec4 v0x631132c901e0_0, 0, 1;
    %pushi/vec4 4, 0, 3;
    %store/vec4 v0x631132c90100_0, 0, 3;
T_1.12 ;
    %jmp T_1.6;
T_1.3 ;
    %pushi/vec4 1, 0, 1;
    %store/vec4 v0x631132c90bd0_0, 0, 1;
    %pushi/vec4 1, 0, 1;
    %store/vec4 v0x631132c906f0_0, 0, 1;
    %pushi/vec4 0, 0, 1;
    %store/vec4 v0x631132c907b0_0, 0, 1;
    %load/vec4 v0x631132c90360_0;
    %cmpi/u 1023, 0, 10;
    %jmp/0xz  T_1.13, 5;
    %load/vec4 v0x631132c90360_0;
    %addi 1, 0, 10;
    %store/vec4 v0x631132c8ff40_0, 0, 10;
    %pushi/vec4 3, 0, 3;
    %store/vec4 v0x631132c90100_0, 0, 3;
    %jmp T_1.14;
T_1.13 ;
    %pushi/vec4 0, 0, 10;
    %store/vec4 v0x631132c8ff40_0, 0, 10;
    %load/vec4 v0x631132c90500_0;
    %addi 1, 0, 7;
    %store/vec4 v0x631132c90020_0, 0, 7;
    %pushi/vec4 2, 0, 3;
    %store/vec4 v0x631132c90100_0, 0, 3;
T_1.14 ;
    %jmp T_1.6;
T_1.4 ;
    %pushi/vec4 1, 0, 1;
    %store/vec4 v0x631132c90bd0_0, 0, 1;
    %pushi/vec4 1, 0, 1;
    %store/vec4 v0x631132c8f9c0_0, 0, 1;
    %pushi/vec4 1, 0, 1;
    %store/vec4 v0x631132c906f0_0, 0, 1;
    %pushi/vec4 1, 0, 1;
    %store/vec4 v0x631132c901e0_0, 0, 1;
    %pushi/vec4 1, 0, 1;
    %store/vec4 v0x631132c907b0_0, 0, 1;
    %load/vec4 v0x631132c8fbe0_0;
    %cmpi/u 1023, 0, 10;
    %jmp/0xz  T_1.15, 5;
    %load/vec4 v0x631132c8fbe0_0;
    %addi 1, 0, 10;
    %store/vec4 v0x631132c8fda0_0, 0, 10;
    %load/vec4 v0x631132c90360_0;
    %addi 1, 0, 10;
    %store/vec4 v0x631132c8ff40_0, 0, 10;
    %pushi/vec4 4, 0, 3;
    %store/vec4 v0x631132c90100_0, 0, 3;
    %jmp T_1.16;
T_1.15 ;
    %pushi/vec4 0, 0, 10;
    %store/vec4 v0x631132c8fda0_0, 0, 10;
    %pushi/vec4 0, 0, 10;
    %store/vec4 v0x631132c8ff40_0, 0, 10;
    %load/vec4 v0x631132c8fcc0_0;
    %cmpi/u 4, 0, 3;
    %jmp/0xz  T_1.17, 5;
    %load/vec4 v0x631132c8fcc0_0;
    %addi 1, 0, 3;
    %pad/u 1;
    %store/vec4 v0x631132c8fe80_0, 0, 1;
T_1.17 ;
    %load/vec4 v0x631132c8fcc0_0;
    %pushi/vec4 4, 0, 3;
    %cmp/e;
    %flag_get/vec4 4;
    %load/vec4 v0x631132c90500_0;
    %pushi/vec4 79, 0, 7;
    %cmp/e;
    %flag_get/vec4 4;
    %and;
    %flag_set/vec4 8;
    %jmp/0xz  T_1.19, 8;
    %pushi/vec4 1, 0, 3;
    %store/vec4 v0x631132c90100_0, 0, 3;
    %jmp T_1.20;
T_1.19 ;
    %pushi/vec4 4, 0, 3;
    %store/vec4 v0x631132c90100_0, 0, 3;
T_1.20 ;
T_1.16 ;
    %jmp T_1.6;
T_1.6 ;
    %pop/vec4 1;
    %jmp T_1;
    .thread T_1, $push;
# The file index is used to find the file name in the following table.
:file_names 3;
    "N/A";
    "<interactive>";
    "controller.v";
